[cifar10_sidenet_seed0] train 50,000  test 10,000
Loading Pre-trained CLIP ViT-B/16 Vision Transformer...
[cifar10_sidenet_seed0] trainable 1,788,298  frozen 86,193,152
  epoch 1 batch 100/391  loss 0.5331  train acc 83.43%  (60.3s)
  epoch 1 batch 200/391  loss 0.3519  train acc 88.79%  (237.7s)
  epoch 1 batch 300/391  loss 0.2877  train acc 90.77%  (422.9s)
  epoch 1 batch 391/391  loss 0.2565  train acc 91.75%  (590.7s)
==> [cifar10_sidenet_seed0] epoch 1: train_loss 0.2565, train_acc 0.9175, test_loss 0.1484, test_acc 0.9515, elapsed_s 727.7000
saved results\cifar10_sidenet_seed0.json
  epoch 2 batch 100/391  loss 0.1199  train acc 95.95%  (846.4s)
  epoch 2 batch 200/391  loss 0.1244  train acc 95.82%  (900.1s)
  epoch 2 batch 300/391  loss 0.1225  train acc 95.88%  (952.9s)
  epoch 2 batch 391/391  loss 0.1219  train acc 95.89%  (1000.7s)
==> [cifar10_sidenet_seed0] epoch 2: train_loss 0.1219, train_acc 0.9589, test_loss 0.1668, test_acc 0.9415, elapsed_s 1036.5000
saved results\cifar10_sidenet_seed0.json
  epoch 3 batch 100/391  loss 0.1074  train acc 96.40%  (1097.6s)
  epoch 3 batch 200/391  loss 0.0999  train acc 96.58%  (1282.5s)
  epoch 3 batch 300/391  loss 0.0978  train acc 96.66%  (1469.4s)
  epoch 3 batch 391/391  loss 0.0960  train acc 96.68%  (1650.0s)
==> [cifar10_sidenet_seed0] epoch 3: train_loss 0.0960, train_acc 0.9668, test_loss 0.1240, test_acc 0.9593, elapsed_s 1785.2000
saved results\cifar10_sidenet_seed0.json
  epoch 4 batch 100/391  loss 0.0688  train acc 97.68%  (1970.4s)
  epoch 4 batch 200/391  loss 0.0728  train acc 97.46%  (2158.2s)
  epoch 4 batch 300/391  loss 0.0716  train acc 97.51%  (2344.6s)
  epoch 4 batch 391/391  loss 0.0726  train acc 97.50%  (2516.8s)
==> [cifar10_sidenet_seed0] epoch 4: train_loss 0.0726, train_acc 0.9750, test_loss 0.1218, test_acc 0.9608, elapsed_s 2651.7000
saved results\cifar10_sidenet_seed0.json
  epoch 5 batch 100/391  loss 0.0561  train acc 98.04%  (2857.6s)
  epoch 5 batch 200/391  loss 0.0540  train acc 98.12%  (3060.1s)
  epoch 5 batch 300/391  loss 0.0520  train acc 98.22%  (3259.0s)
  epoch 5 batch 391/391  loss 0.0500  train acc 98.28%  (3439.6s)
==> [cifar10_sidenet_seed0] epoch 5: train_loss 0.0500, train_acc 0.9828, test_loss 0.1146, test_acc 0.9641, elapsed_s 3579.2000
saved results\cifar10_sidenet_seed0.json
saved results\cifar10_sidenet_seed0.json
