=================================================================
 DFD Side-Network Adaptation on CIFAR-10 Experiment
 Device: cuda (NVIDIA GeForce RTX 3050 Ti Laptop GPU)
=================================================================
Fast-loading CIFAR-10 dataset via HuggingFace CDN...
Loaded 50,000 training samples and 10,000 test samples.
Loading Pre-trained CLIP ViT-B/16 Vision Transformer...

Model Architecture Parameter Summary:
 -> Trainable Parameters (Side-Network + Head): 1,780,618
 -> Frozen Parameters (CLIP ViT-B/16 Backbone):  86,193,152
 -> Parameter Efficiency: Only 2.02% of parameters are trainable!

Starting Training for 3 Epochs on cuda...

 Epoch [1/3] Batch [100/782] | Loss: 2.2201 | Train Acc: 25.06%
 Epoch [1/3] Batch [200/782] | Loss: 2.0099 | Train Acc: 29.02%
 Epoch [1/3] Batch [300/782] | Loss: 1.8889 | Train Acc: 32.40%
 Epoch [1/3] Batch [400/782] | Loss: 1.7955 | Train Acc: 35.41%
 Epoch [1/3] Batch [500/782] | Loss: 1.7298 | Train Acc: 37.59%
 Epoch [1/3] Batch [600/782] | Loss: 1.6820 | Train Acc: 39.18%
 Epoch [1/3] Batch [700/782] | Loss: 1.6301 | Train Acc: 41.04%
 Epoch [1/3] Batch [782/782] | Loss: 1.6030 | Train Acc: 41.89%

Evaluating on Test Set (10,000 images)...
==> Epoch 1 Complete in 298.2s | Train Loss: 1.6030, Train Acc: 41.89% | Test Loss: 1.3137, Test Acc: 51.88%

 Epoch [2/3] Batch [100/782] | Loss: 1.2490 | Train Acc: 54.84%
 Epoch [2/3] Batch [200/782] | Loss: 1.2346 | Train Acc: 54.96%
 Epoch [2/3] Batch [300/782] | Loss: 1.2117 | Train Acc: 56.16%
 Epoch [2/3] Batch [400/782] | Loss: 1.1964 | Train Acc: 56.61%
 Epoch [2/3] Batch [500/782] | Loss: 1.1858 | Train Acc: 56.96%
 Epoch [2/3] Batch [600/782] | Loss: 1.1769 | Train Acc: 57.40%
 Epoch [2/3] Batch [700/782] | Loss: 1.1695 | Train Acc: 57.69%
 Epoch [2/3] Batch [782/782] | Loss: 1.1643 | Train Acc: 57.96%

Evaluating on Test Set (10,000 images)...
==> Epoch 2 Complete in 350.1s | Train Loss: 1.1643, Train Acc: 57.96% | Test Loss: 1.2145, Test Acc: 57.04%

 Epoch [3/3] Batch [100/782] | Loss: 0.9897 | Train Acc: 64.25%
 Epoch [3/3] Batch [200/782] | Loss: 0.9610 | Train Acc: 65.45%
 Epoch [3/3] Batch [300/782] | Loss: 0.9534 | Train Acc: 65.70%
 Epoch [3/3] Batch [400/782] | Loss: 0.9406 | Train Acc: 66.11%
 Epoch [3/3] Batch [500/782] | Loss: 0.9384 | Train Acc: 66.29%
 Epoch [3/3] Batch [600/782] | Loss: 0.9336 | Train Acc: 66.42%
 Epoch [3/3] Batch [700/782] | Loss: 0.9327 | Train Acc: 66.52%
 Epoch [3/3] Batch [782/782] | Loss: 0.9266 | Train Acc: 66.79%

Evaluating on Test Set (10,000 images)...
==> Epoch 3 Complete in 969.3s | Train Loss: 0.9266, Train Acc: 66.79% | Test Loss: 0.9090, Test Acc: 67.48%

=================================================================
 TRAINING COMPLETE in 31.95 minutes!
 Final Evaluation on CIFAR-10 Test Set (10,000 images):
 Final Test Accuracy: 67.48%
 Final Test Loss:     0.9090
-----------------------------------------------------------------
 Per-Class Performance Breakdown:
  - airplane    :  75.60% (756/1000)
  - automobile  :  84.50% (845/1000)
  - bird        :  61.10% (611/1000)
  - cat         :  47.80% (478/1000)
  - deer        :  48.40% (484/1000)
  - dog         :  59.90% (599/1000)
  - frog        :  77.10% (771/1000)
  - horse       :  71.70% (717/1000)
  - ship        :  74.10% (741/1000)
  - truck       :  74.60% (746/1000)
=================================================================
Model weights successfully saved to 'dfd_side_network_cifar10.pth'
