=================================================================
 DFD Side-Network Adaptation on CIFAR-10 Experiment
 Device: cuda (NVIDIA GeForce RTX 3050 Ti Laptop GPU)
=================================================================
Fast-loading CIFAR-10 dataset via HuggingFace CDN...
Loaded 50,000 training samples and 10,000 test samples.
Loading Pre-trained CLIP ViT-B/16 Vision Transformer...

Model Architecture Parameter Summary:
 -> Trainable Parameters (Side-Network + Head): 1,788,298
 -> Frozen Parameters (CLIP ViT-B/16 Backbone):  86,193,152
 -> Parameter Efficiency: Only 2.03% of parameters are trainable!

Starting Training for 5 Epochs on cuda...

 Epoch [1/5] Batch [ 50/391] | Loss: 0.8007 | Train Acc: 75.67%
 Epoch [1/5] Batch [100/391] | Loss: 0.5071 | Train Acc: 84.42%
 Epoch [1/5] Batch [150/391] | Loss: 0.3966 | Train Acc: 87.66%
 Epoch [1/5] Batch [200/391] | Loss: 0.3404 | Train Acc: 89.33%
 Epoch [1/5] Batch [250/391] | Loss: 0.3030 | Train Acc: 90.46%
 Epoch [1/5] Batch [300/391] | Loss: 0.2787 | Train Acc: 91.16%
 Epoch [1/5] Batch [350/391] | Loss: 0.2578 | Train Acc: 91.80%
 Epoch [1/5] Batch [391/391] | Loss: 0.2466 | Train Acc: 92.13%

Evaluating on Test Set (10,000 images)...
==> Epoch 1 Complete in 667.9s | Train Loss: 0.2466, Train Acc: 92.13% | Test Loss: 0.1763, Test Acc: 94.11%

 Epoch [2/5] Batch [ 50/391] | Loss: 0.1380 | Train Acc: 95.38%
 Epoch [2/5] Batch [100/391] | Loss: 0.1326 | Train Acc: 95.52%
 Epoch [2/5] Batch [150/391] | Loss: 0.1257 | Train Acc: 95.78%
 Epoch [2/5] Batch [200/391] | Loss: 0.1256 | Train Acc: 95.79%
 Epoch [2/5] Batch [250/391] | Loss: 0.1237 | Train Acc: 95.84%
 Epoch [2/5] Batch [300/391] | Loss: 0.1222 | Train Acc: 95.89%
 Epoch [2/5] Batch [350/391] | Loss: 0.1231 | Train Acc: 95.90%
 Epoch [2/5] Batch [391/391] | Loss: 0.1223 | Train Acc: 95.92%

Evaluating on Test Set (10,000 images)...
==> Epoch 2 Complete in 879.8s | Train Loss: 0.1223, Train Acc: 95.92% | Test Loss: 0.1377, Test Acc: 95.41%

 Epoch [3/5] Batch [ 50/391] | Loss: 0.0911 | Train Acc: 96.81%
 Epoch [3/5] Batch [100/391] | Loss: 0.0882 | Train Acc: 97.05%
 Epoch [3/5] Batch [150/391] | Loss: 0.0919 | Train Acc: 96.86%
 Epoch [3/5] Batch [200/391] | Loss: 0.0938 | Train Acc: 96.81%
 Epoch [3/5] Batch [250/391] | Loss: 0.0951 | Train Acc: 96.79%
 Epoch [3/5] Batch [300/391] | Loss: 0.0948 | Train Acc: 96.81%
 Epoch [3/5] Batch [350/391] | Loss: 0.0968 | Train Acc: 96.70%
 Epoch [3/5] Batch [391/391] | Loss: 0.0971 | Train Acc: 96.69%

Evaluating on Test Set (10,000 images)...
==> Epoch 3 Complete in 905.6s | Train Loss: 0.0971, Train Acc: 96.69% | Test Loss: 0.1172, Test Acc: 95.98%

 Epoch [4/5] Batch [ 50/391] | Loss: 0.0668 | Train Acc: 97.72%
 Epoch [4/5] Batch [100/391] | Loss: 0.0675 | Train Acc: 97.67%
 Epoch [4/5] Batch [150/391] | Loss: 0.0698 | Train Acc: 97.59%
 Epoch [4/5] Batch [200/391] | Loss: 0.0708 | Train Acc: 97.55%
 Epoch [4/5] Batch [250/391] | Loss: 0.0707 | Train Acc: 97.58%
 Epoch [4/5] Batch [300/391] | Loss: 0.0705 | Train Acc: 97.57%
 Epoch [4/5] Batch [350/391] | Loss: 0.0713 | Train Acc: 97.53%
 Epoch [4/5] Batch [391/391] | Loss: 0.0717 | Train Acc: 97.53%

Evaluating on Test Set (10,000 images)...
==> Epoch 4 Complete in 890.7s | Train Loss: 0.0717, Train Acc: 97.53% | Test Loss: 0.1207, Test Acc: 96.12%

 Epoch [5/5] Batch [ 50/391] | Loss: 0.0487 | Train Acc: 98.48%
 Epoch [5/5] Batch [100/391] | Loss: 0.0481 | Train Acc: 98.44%
 Epoch [5/5] Batch [150/391] | Loss: 0.0465 | Train Acc: 98.47%
 Epoch [5/5] Batch [200/391] | Loss: 0.0454 | Train Acc: 98.46%
 Epoch [5/5] Batch [250/391] | Loss: 0.0469 | Train Acc: 98.41%
 Epoch [5/5] Batch [300/391] | Loss: 0.0468 | Train Acc: 98.42%
 Epoch [5/5] Batch [350/391] | Loss: 0.0473 | Train Acc: 98.40%
 Epoch [5/5] Batch [391/391] | Loss: 0.0475 | Train Acc: 98.37%

Evaluating on Test Set (10,000 images)...
==> Epoch 5 Complete in 887.9s | Train Loss: 0.0475, Train Acc: 98.37% | Test Loss: 0.1182, Test Acc: 96.42%

=================================================================
 TRAINING COMPLETE in 83.75 minutes!
 Final Evaluation on CIFAR-10 Test Set (10,000 images):
 Final Test Accuracy: 96.42%
 Final Test Loss:     0.1182
-----------------------------------------------------------------
 Per-Class Performance Breakdown:
  - airplane    :  97.70% (977/1000)
  - automobile  :  98.30% (983/1000)
  - bird        :  95.00% (950/1000)
  - cat         :  92.10% (921/1000)
  - deer        :  96.70% (967/1000)
  - dog         :  94.70% (947/1000)
  - frog        :  98.60% (986/1000)
  - horse       :  96.30% (963/1000)
  - ship        :  97.30% (973/1000)
  - truck       :  97.50% (975/1000)
=================================================================
Model weights successfully saved to 'dfd_side_network_cifar10.pth'
